mode: set
github.com/kyosenergy-engineering/evicted-pod-reaper/cmd/manager/main.go:29.2,30.1 1 1
github.com/kyosenergy-engineering/evicted-pod-reaper/cmd/manager/main.go:33.2,45.1 18 0
github.com/kyosenergy-engineering/evicted-pod-reaper/cmd/manager/main.go:46.2,48.1 18 0
github.com/kyosenergy-engineering/evicted-pod-reaper/cmd/manager/main.go:49.2,50.1 18 0
github.com/kyosenergy-engineering/evicted-pod-reaper/cmd/manager/main.go:52.2,55.1 18 0
github.com/kyosenergy-engineering/evicted-pod-reaper/cmd/manager/main.go:56.2,61.1 18 0
github.com/kyosenergy-engineering/evicted-pod-reaper/cmd/manager/main.go:63.2,69.1 18 0
github.com/kyosenergy-engineering/evicted-pod-reaper/cmd/manager/main.go:72.2,72.53 18 0
github.com/kyosenergy-engineering/evicted-pod-reaper/cmd/manager/main.go:73.3,75.1 2 0
github.com/kyosenergy-engineering/evicted-pod-reaper/cmd/manager/main.go:76.3,76.38 2 0
github.com/kyosenergy-engineering/evicted-pod-reaper/cmd/manager/main.go:77.4,78.1 1 0
github.com/kyosenergy-engineering/evicted-pod-reaper/cmd/manager/main.go:81.2,82.16 2 0
github.com/kyosenergy-engineering/evicted-pod-reaper/cmd/manager/main.go:83.3,85.1 2 0
github.com/kyosenergy-engineering/evicted-pod-reaper/cmd/manager/main.go:88.2,90.1 3 0
github.com/kyosenergy-engineering/evicted-pod-reaper/cmd/manager/main.go:92.2,97.39 3 0
github.com/kyosenergy-engineering/evicted-pod-reaper/cmd/manager/main.go:98.3,100.1 2 0
github.com/kyosenergy-engineering/evicted-pod-reaper/cmd/manager/main.go:102.2,102.69 1 0
github.com/kyosenergy-engineering/evicted-pod-reaper/cmd/manager/main.go:103.3,105.1 2 0
github.com/kyosenergy-engineering/evicted-pod-reaper/cmd/manager/main.go:106.2,106.67 1 0
github.com/kyosenergy-engineering/evicted-pod-reaper/cmd/manager/main.go:107.3,109.1 2 0
github.com/kyosenergy-engineering/evicted-pod-reaper/cmd/manager/main.go:111.2,112.61 2 0
github.com/kyosenergy-engineering/evicted-pod-reaper/cmd/manager/main.go:113.3,115.1 2 0
github.com/kyosenergy-engineering/evicted-pod-reaper/cmd/manager/main.go:119.2,119.15 1 1
github.com/kyosenergy-engineering/evicted-pod-reaper/cmd/manager/main.go:120.3,121.1 1 1
github.com/kyosenergy-engineering/evicted-pod-reaper/cmd/manager/main.go:122.2,123.28 2 1
github.com/kyosenergy-engineering/evicted-pod-reaper/cmd/manager/main.go:124.3,125.1 1 1
github.com/kyosenergy-engineering/evicted-pod-reaper/cmd/manager/main.go:126.2,126.19 1 1
github.com/kyosenergy-engineering/evicted-pod-reaper/cmd/manager/main.go:130.2,130.15 1 1
github.com/kyosenergy-engineering/evicted-pod-reaper/cmd/manager/main.go:131.3,132.1 1 1
github.com/kyosenergy-engineering/evicted-pod-reaper/cmd/manager/main.go:133.2,134.16 2 1
github.com/kyosenergy-engineering/evicted-pod-reaper/cmd/manager/main.go:135.3,137.1 2 1
github.com/kyosenergy-engineering/evicted-pod-reaper/cmd/manager/main.go:138.2,138.12 1 1
github.com/kyosenergy-engineering/evicted-pod-reaper/internal/metrics/metrics.go:15.2,30.1 1 1
github.com/kyosenergy-engineering/evicted-pod-reaper/internal/metrics/metrics.go:35.2,37.1 2 1
github.com/kyosenergy-engineering/evicted-pod-reaper/internal/metrics/metrics.go:41.2,42.1 1 1
github.com/kyosenergy-engineering/evicted-pod-reaper/internal/metrics/metrics.go:46.2,47.1 1 1
github.com/kyosenergy-engineering/evicted-pod-reaper/internal/controller/pod_controller.go:34.2,35.1 4 1
github.com/kyosenergy-engineering/evicted-pod-reaper/internal/controller/pod_controller.go:37.2,39.16 4 1
github.com/kyosenergy-engineering/evicted-pod-reaper/internal/controller/pod_controller.go:40.3,40.29 1 1
github.com/kyosenergy-engineering/evicted-pod-reaper/internal/controller/pod_controller.go:42.4,43.1 1 1
github.com/kyosenergy-engineering/evicted-pod-reaper/internal/controller/pod_controller.go:44.3,45.28 2 1
github.com/kyosenergy-engineering/evicted-pod-reaper/internal/controller/pod_controller.go:49.2,49.26 1 1
github.com/kyosenergy-engineering/evicted-pod-reaper/internal/controller/pod_controller.go:50.3,52.1 2 1
github.com/kyosenergy-engineering/evicted-pod-reaper/internal/controller/pod_controller.go:55.2,55.30 1 1
github.com/kyosenergy-engineering/evicted-pod-reaper/internal/controller/pod_controller.go:56.3,59.1 3 1
github.com/kyosenergy-engineering/evicted-pod-reaper/internal/controller/pod_controller.go:62.2,62.28 1 1
github.com/kyosenergy-engineering/evicted-pod-reaper/internal/controller/pod_controller.go:63.3,66.1 3 1
github.com/kyosenergy-engineering/evicted-pod-reaper/internal/controller/pod_controller.go:69.2,70.43 2 1
github.com/kyosenergy-engineering/evicted-pod-reaper/internal/controller/pod_controller.go:71.3,73.1 2 1
github.com/kyosenergy-engineering/evicted-pod-reaper/internal/controller/pod_controller.go:75.2,77.1 3 1
github.com/kyosenergy-engineering/evicted-pod-reaper/internal/controller/pod_controller.go:78.2,78.27 3 1
github.com/kyosenergy-engineering/evicted-pod-reaper/internal/controller/pod_controller.go:83.2,84.1 1 1
github.com/kyosenergy-engineering/evicted-pod-reaper/internal/controller/pod_controller.go:88.2,88.28 1 1
github.com/kyosenergy-engineering/evicted-pod-reaper/internal/controller/pod_controller.go:89.3,90.1 1 1
github.com/kyosenergy-engineering/evicted-pod-reaper/internal/controller/pod_controller.go:91.2,91.54 1 1
github.com/kyosenergy-engineering/evicted-pod-reaper/internal/controller/pod_controller.go:96.2,96.33 1 1
github.com/kyosenergy-engineering/evicted-pod-reaper/internal/controller/pod_controller.go:98.3,99.1 1 1
github.com/kyosenergy-engineering/evicted-pod-reaper/internal/controller/pod_controller.go:101.2,102.58 2 1
github.com/kyosenergy-engineering/evicted-pod-reaper/internal/controller/pod_controller.go:107.2,107.33 1 1
github.com/kyosenergy-engineering/evicted-pod-reaper/internal/controller/pod_controller.go:108.3,109.1 1 1
github.com/kyosenergy-engineering/evicted-pod-reaper/internal/controller/pod_controller.go:111.2,113.1 3 1
github.com/kyosenergy-engineering/evicted-pod-reaper/internal/controller/pod_controller.go:114.2,114.27 3 1
github.com/kyosenergy-engineering/evicted-pod-reaper/internal/controller/pod_controller.go:115.3,116.1 1 1
github.com/kyosenergy-engineering/evicted-pod-reaper/internal/controller/pod_controller.go:118.2,118.29 1 1
github.com/kyosenergy-engineering/evicted-pod-reaper/internal/controller/pod_controller.go:123.2,124.9 2 1
github.com/kyosenergy-engineering/evicted-pod-reaper/internal/controller/pod_controller.go:125.3,126.1 1 0
github.com/kyosenergy-engineering/evicted-pod-reaper/internal/controller/pod_controller.go:127.2,127.79 1 1
github.com/kyosenergy-engineering/evicted-pod-reaper/internal/controller/pod_controller.go:133.2,134.1 2 0
github.com/kyosenergy-engineering/evicted-pod-reaper/internal/controller/pod_controller.go:135.2,139.1 2 0
